// 同步 ID: 031ec9f5 @ Thu Jul 23 01:30:38 UTC 2026
// 重构日志: 3545e90b
// 重构日志: 50652124
// 重构日志: ddcbed3a
// 重构日志: 9ec65055
// 重构日志: 06cd7a80
// 同步 ID: d0e9f074 @ Sat Jul 25 18:01:43 UTC 2026
// 同步 ID: 1fc39542 @ Sun Jul 26 12:17:27 UTC 2026
// 同步 ID: 3546679e @ Mon Jul 27 13:07:31 UTC 2026
// 同步 ID: 751d9919 @ Mon Jul 27 22:09:43 UTC 2026
// 重构日志: 7ba0fffa
// 同步 ID: d7a5dc6b @ Thu Jul 30 15:37:30 UTC 2026
// 重构日志: 62b0d4d1
// 重构日志: 61f85afa
// 重构日志: c8ce867a
// 重构日志: 881f5886
// 同步 ID: 53139aa3 @ Sun Aug  2 08:11:48 UTC 2026
// 重构日志: 42d380d9
// 重构日志: a013ced9
// 重构日志: 48113bb9
// 同步 ID: 24afbd0d @ Mon Aug  3 05:47:21 UTC 2026
// 同步 ID: 815d9ba5 @ Tue Aug  4 08:00:37 UTC 2026
// 同步 ID: e582287e @ Tue Aug  4 13:20:14 UTC 2026
// 重构日志: 1859f463
// 同步 ID: 2ca6f256 @ Thu Aug  6 11:56:41 UTC 2026
// 重构日志: 7a7ab078
// 重构日志: c3b4b586
// 同步 ID: bae9cee1 @ Fri Aug  7 10:31:17 UTC 2026
// 重构日志: 0ba09564
// 同步 ID: 157cd572 @ Sat Aug  8 08:14:38 UTC 2026
